/home/michael/code/ROFL-cNVAE-fork/.venv/lib/python3.12/site-packages/torch/utils/data/_utils/collate.py:285: UserWarning: The given NumPy array is not writable, and PyTorch does not support non-writable tensors. This means writing to this tensor will result in undefined behavior. You may want to copy the array to protect its data or make it writable before converting it to a tensor. This type of warning will be suppressed for the rest of this program. (Triggered internally at /pytorch/torch/csrc/utils/tensor_numpy.cpp:203.)
  return collate([torch.as_tensor(b) for b in batch], collate_fn_map=collate_fn_map)

Using checkpoint: /home/michael/code/ROFL-cNVAE-fork/models/fixate1_z-20x[5,10,20]_k-32_d-17_enc(2x2)-dec(2x1)-pre(1x3)-post(1x3)_wn/ep160-b1200-lr(0.002)_beta(0.1:0x0.3)_lamb(0.01)_gr(250.0)_(2025_12_01,19:49)/VAE+TrainerVAE_DDP-0160_(2025_12_01,20:22).pt

================================================================================
[READOUT] MT Neuron Prediction Analysis (2025_12_05,18:08)
================================================================================

[READOUT] Loading VAE model from checkpoint...
[READOUT] VAE model loaded successfully (42.2M params)

[READOUT] Loading datasets...
[READOUT] Training set: 600000 samples
[READOUT] Test set: 75000 samples

[READOUT] Extracting latent representations...
[READOUT] Training latents shape: (600000, 700)
[READOUT] Test latents shape: (75000, 700)

[READOUT] WARNING: Readout data not found at /home/michael/code/ROFL-cNVAE-fork/data/fixate1_dim-17_n-750k/readout
[READOUT] Please ensure neuron response data is available
[READOUT] Expected files: y_trn.npy, y_tst.npy
[READOUT] Generating synthetic neuron responses for demonstration...

[READOUT] Training readout models for different beta values...
  Beta |   R (mean) |    R (std)
----------------------------------------

[READOUT] Beta = 0.5...
Traceback (most recent call last):
  File "/home/michael/code/ROFL-cNVAE-fork/run_readout_analysis.py", line 253, in <module>
    results = run_readout_analysis(str(checkpoint_path), device='cuda:0')
              ^^^^^^^^^^^^^^^^^^^^^^^^^^^^^^^^^^^^^^^^^^^^^^^^^^^^^^^^^^^
  File "/home/michael/code/ROFL-cNVAE-fork/run_readout_analysis.py", line 183, in run_readout_analysis
    r_scores = train_readout_model(z_trn, y_trn, z_tst, y_tst, beta=beta, n_neurons=141)
               ^^^^^^^^^^^^^^^^^^^^^^^^^^^^^^^^^^^^^^^^^^^^^^^^^^^^^^^^^^^^^^^^^^^^^^^^^
  File "/home/michael/code/ROFL-cNVAE-fork/run_readout_analysis.py", line 119, in train_readout_model
    if np.std(y_tst[:, i]) > 0:
       ^^^^^^^^^^^^^^^^^^^
  File "/home/michael/code/ROFL-cNVAE-fork/.venv/lib/python3.12/site-packages/numpy/_core/fromnumeric.py", line 4062, in std
    return std(axis=axis, dtype=dtype, out=out, ddof=ddof, **kwargs)
           ^^^^^^^^^^^^^^^^^^^^^^^^^^^^^^^^^^^^^^^^^^^^^^^^^^^^^^^^^
TypeError: std() received an invalid combination of arguments - got (ddof=int, dtype=NoneType, out=NoneType, axis=NoneType, ), but expected one of:
 * (tuple of ints dim, bool unbiased = True, bool keepdim = False)
 * (tuple of ints dim = None, *, Number correction = None, bool keepdim = False)
      didn't match because some of the keywords were incorrect: ddof, dtype, out, axis
 * (bool unbiased = True)
 * (tuple of names dim, bool unbiased = True, bool keepdim = False)
 * (tuple of names dim, *, Number correction = None, bool keepdim = False)
      didn't match because some of the keywords were incorrect: ddof, dtype, out, axis

